------------------------------------------------------------
Timing Analyzer Summary
------------------------------------------------------------

Type  : Slow 1100mV 85C Model Setup 'Clk'
Slack : -1.663
TNS   : -13.844

Type  : Slow 1100mV 85C Model Hold 'Clk'
Slack : 0.495
TNS   : 0.000

Type  : Slow 1100mV 85C Model Minimum Pulse Width 'Clk'
Slack : -0.538
TNS   : -7.348

Type  : Slow 1100mV 0C Model Setup 'Clk'
Slack : -1.642
TNS   : -13.711

Type  : Slow 1100mV 0C Model Hold 'Clk'
Slack : 0.467
TNS   : 0.000

Type  : Slow 1100mV 0C Model Minimum Pulse Width 'Clk'
Slack : -0.538
TNS   : -7.120

Type  : Fast 1100mV 85C Model Setup 'Clk'
Slack : -0.208
TNS   : -1.654

Type  : Fast 1100mV 85C Model Hold 'Clk'
Slack : 0.252
TNS   : 0.000

Type  : Fast 1100mV 85C Model Minimum Pulse Width 'Clk'
Slack : -0.271
TNS   : -2.490

Type  : Fast 1100mV 0C Model Setup 'Clk'
Slack : -0.128
TNS   : -1.010

Type  : Fast 1100mV 0C Model Hold 'Clk'
Slack : 0.233
TNS   : 0.000

Type  : Fast 1100mV 0C Model Minimum Pulse Width 'Clk'
Slack : -0.265
TNS   : -2.440

------------------------------------------------------------
