------------------------------------------------------------
Timing Analyzer Summary
------------------------------------------------------------

Type  : Slow 1100mV 85C Model Setup 'Clk'
Slack : -1.659
TNS   : -13.826

Type  : Slow 1100mV 85C Model Hold 'Clk'
Slack : 0.496
TNS   : 0.000

Type  : Slow 1100mV 85C Model Minimum Pulse Width 'Clk'
Slack : -0.538
TNS   : -8.400

Type  : Slow 1100mV 0C Model Setup 'Clk'
Slack : -1.636
TNS   : -13.677

Type  : Slow 1100mV 0C Model Hold 'Clk'
Slack : 0.470
TNS   : 0.000

Type  : Slow 1100mV 0C Model Minimum Pulse Width 'Clk'
Slack : -0.538
TNS   : -7.605

Type  : Fast 1100mV 85C Model Setup 'Clk'
Slack : -0.207
TNS   : -1.646

Type  : Fast 1100mV 85C Model Hold 'Clk'
Slack : 0.249
TNS   : 0.000

Type  : Fast 1100mV 85C Model Minimum Pulse Width 'Clk'
Slack : -0.361
TNS   : -3.589

Type  : Fast 1100mV 0C Model Setup 'Clk'
Slack : -0.123
TNS   : -0.970

Type  : Fast 1100mV 0C Model Hold 'Clk'
Slack : 0.238
TNS   : 0.000

Type  : Fast 1100mV 0C Model Minimum Pulse Width 'Clk'
Slack : -0.325
TNS   : -3.109

------------------------------------------------------------
