------------------------------------------------------------
Timing Analyzer Summary
------------------------------------------------------------

Type  : Slow 1200mV 85C Model Setup 'clk100MHz'
Slack : 1.523
TNS   : 0.000

Type  : Slow 1200mV 85C Model Hold 'clk100MHz'
Slack : 0.358
TNS   : 0.000

Type  : Slow 1200mV 85C Model Recovery 'clk100MHz'
Slack : 5.384
TNS   : 0.000

Type  : Slow 1200mV 85C Model Removal 'clk100MHz'
Slack : 3.261
TNS   : 0.000

Type  : Slow 1200mV 85C Model Minimum Pulse Width 'clk100MHz'
Slack : 4.680
TNS   : 0.000

Type  : Slow 1200mV 0C Model Setup 'clk100MHz'
Slack : 1.971
TNS   : 0.000

Type  : Slow 1200mV 0C Model Hold 'clk100MHz'
Slack : 0.312
TNS   : 0.000

Type  : Slow 1200mV 0C Model Recovery 'clk100MHz'
Slack : 5.779
TNS   : 0.000

Type  : Slow 1200mV 0C Model Removal 'clk100MHz'
Slack : 3.057
TNS   : 0.000

Type  : Slow 1200mV 0C Model Minimum Pulse Width 'clk100MHz'
Slack : 4.701
TNS   : 0.000

Type  : Fast 1200mV 0C Model Setup 'clk100MHz'
Slack : 3.073
TNS   : 0.000

Type  : Fast 1200mV 0C Model Hold 'clk100MHz'
Slack : 0.187
TNS   : 0.000

Type  : Fast 1200mV 0C Model Recovery 'clk100MHz'
Slack : 6.173
TNS   : 0.000

Type  : Fast 1200mV 0C Model Removal 'clk100MHz'
Slack : 2.692
TNS   : 0.000

Type  : Fast 1200mV 0C Model Minimum Pulse Width 'clk100MHz'
Slack : 4.444
TNS   : 0.000

------------------------------------------------------------
