------------------------------------------------------------
Timing Analyzer Summary
------------------------------------------------------------

Type  : Slow 1100mV 85C Model Setup 'pll|pll_cv_inst|altera_pll_i|general[0].gpll~PLL_OUTPUT_COUNTER|divclk'
Slack : 1.490
TNS   : 0.000

Type  : Slow 1100mV 85C Model Setup 'pll|pll_cv_inst|altera_pll_i|general[1].gpll~PLL_OUTPUT_COUNTER|divclk'
Slack : 990.389
TNS   : 0.000

Type  : Slow 1100mV 85C Model Hold 'pll|pll_cv_inst|altera_pll_i|general[0].gpll~PLL_OUTPUT_COUNTER|divclk'
Slack : 0.316
TNS   : 0.000

Type  : Slow 1100mV 85C Model Hold 'pll|pll_cv_inst|altera_pll_i|general[1].gpll~PLL_OUTPUT_COUNTER|divclk'
Slack : 0.392
TNS   : 0.000

Type  : Slow 1100mV 85C Model Recovery 'pll|pll_cv_inst|altera_pll_i|general[0].gpll~PLL_OUTPUT_COUNTER|divclk'
Slack : 2.410
TNS   : 0.000

Type  : Slow 1100mV 85C Model Recovery 'pll|pll_cv_inst|altera_pll_i|general[1].gpll~PLL_OUTPUT_COUNTER|divclk'
Slack : 7.047
TNS   : 0.000

Type  : Slow 1100mV 85C Model Removal 'pll|pll_cv_inst|altera_pll_i|general[0].gpll~PLL_OUTPUT_COUNTER|divclk'
Slack : 0.545
TNS   : 0.000

Type  : Slow 1100mV 85C Model Removal 'pll|pll_cv_inst|altera_pll_i|general[1].gpll~PLL_OUTPUT_COUNTER|divclk'
Slack : 0.769
TNS   : 0.000

Type  : Slow 1100mV 85C Model Minimum Pulse Width 'pll|pll_cv_inst|altera_pll_i|general[0].gpll~FRACTIONAL_PLL|vcoph[0]'
Slack : 1.666
TNS   : 0.000

Type  : Slow 1100mV 85C Model Minimum Pulse Width 'pll|pll_cv_inst|altera_pll_i|general[0].gpll~PLL_OUTPUT_COUNTER|divclk'
Slack : 4.050
TNS   : 0.000

Type  : Slow 1100mV 85C Model Minimum Pulse Width 'Clk_i'
Slack : 9.949
TNS   : 0.000

Type  : Slow 1100mV 85C Model Minimum Pulse Width 'pll|pll_cv_inst|altera_pll_i|general[1].gpll~PLL_OUTPUT_COUNTER|divclk'
Slack : 499.297
TNS   : 0.000

Type  : Slow 1100mV 0C Model Setup 'pll|pll_cv_inst|altera_pll_i|general[0].gpll~PLL_OUTPUT_COUNTER|divclk'
Slack : 1.405
TNS   : 0.000

Type  : Slow 1100mV 0C Model Setup 'pll|pll_cv_inst|altera_pll_i|general[1].gpll~PLL_OUTPUT_COUNTER|divclk'
Slack : 990.388
TNS   : 0.000

Type  : Slow 1100mV 0C Model Hold 'pll|pll_cv_inst|altera_pll_i|general[0].gpll~PLL_OUTPUT_COUNTER|divclk'
Slack : 0.178
TNS   : 0.000

Type  : Slow 1100mV 0C Model Hold 'pll|pll_cv_inst|altera_pll_i|general[1].gpll~PLL_OUTPUT_COUNTER|divclk'
Slack : 0.365
TNS   : 0.000

Type  : Slow 1100mV 0C Model Recovery 'pll|pll_cv_inst|altera_pll_i|general[0].gpll~PLL_OUTPUT_COUNTER|divclk'
Slack : 2.510
TNS   : 0.000

Type  : Slow 1100mV 0C Model Recovery 'pll|pll_cv_inst|altera_pll_i|general[1].gpll~PLL_OUTPUT_COUNTER|divclk'
Slack : 7.134
TNS   : 0.000

Type  : Slow 1100mV 0C Model Removal 'pll|pll_cv_inst|altera_pll_i|general[0].gpll~PLL_OUTPUT_COUNTER|divclk'
Slack : 0.442
TNS   : 0.000

Type  : Slow 1100mV 0C Model Removal 'pll|pll_cv_inst|altera_pll_i|general[1].gpll~PLL_OUTPUT_COUNTER|divclk'
Slack : 0.726
TNS   : 0.000

Type  : Slow 1100mV 0C Model Minimum Pulse Width 'pll|pll_cv_inst|altera_pll_i|general[0].gpll~FRACTIONAL_PLL|vcoph[0]'
Slack : 1.666
TNS   : 0.000

Type  : Slow 1100mV 0C Model Minimum Pulse Width 'pll|pll_cv_inst|altera_pll_i|general[0].gpll~PLL_OUTPUT_COUNTER|divclk'
Slack : 4.032
TNS   : 0.000

Type  : Slow 1100mV 0C Model Minimum Pulse Width 'Clk_i'
Slack : 9.980
TNS   : 0.000

Type  : Slow 1100mV 0C Model Minimum Pulse Width 'pll|pll_cv_inst|altera_pll_i|general[1].gpll~PLL_OUTPUT_COUNTER|divclk'
Slack : 499.196
TNS   : 0.000

Type  : Fast 1100mV 85C Model Setup 'pll|pll_cv_inst|altera_pll_i|general[0].gpll~PLL_OUTPUT_COUNTER|divclk'
Slack : 3.058
TNS   : 0.000

Type  : Fast 1100mV 85C Model Setup 'pll|pll_cv_inst|altera_pll_i|general[1].gpll~PLL_OUTPUT_COUNTER|divclk'
Slack : 994.988
TNS   : 0.000

Type  : Fast 1100mV 85C Model Hold 'pll|pll_cv_inst|altera_pll_i|general[0].gpll~PLL_OUTPUT_COUNTER|divclk'
Slack : 0.177
TNS   : 0.000

Type  : Fast 1100mV 85C Model Hold 'pll|pll_cv_inst|altera_pll_i|general[1].gpll~PLL_OUTPUT_COUNTER|divclk'
Slack : 0.181
TNS   : 0.000

Type  : Fast 1100mV 85C Model Recovery 'pll|pll_cv_inst|altera_pll_i|general[0].gpll~PLL_OUTPUT_COUNTER|divclk'
Slack : 3.582
TNS   : 0.000

Type  : Fast 1100mV 85C Model Recovery 'pll|pll_cv_inst|altera_pll_i|general[1].gpll~PLL_OUTPUT_COUNTER|divclk'
Slack : 8.308
TNS   : 0.000

Type  : Fast 1100mV 85C Model Removal 'pll|pll_cv_inst|altera_pll_i|general[0].gpll~PLL_OUTPUT_COUNTER|divclk'
Slack : 0.272
TNS   : 0.000

Type  : Fast 1100mV 85C Model Removal 'pll|pll_cv_inst|altera_pll_i|general[1].gpll~PLL_OUTPUT_COUNTER|divclk'
Slack : 0.303
TNS   : 0.000

Type  : Fast 1100mV 85C Model Minimum Pulse Width 'pll|pll_cv_inst|altera_pll_i|general[0].gpll~FRACTIONAL_PLL|vcoph[0]'
Slack : 1.666
TNS   : 0.000

Type  : Fast 1100mV 85C Model Minimum Pulse Width 'pll|pll_cv_inst|altera_pll_i|general[0].gpll~PLL_OUTPUT_COUNTER|divclk'
Slack : 4.526
TNS   : 0.000

Type  : Fast 1100mV 85C Model Minimum Pulse Width 'Clk_i'
Slack : 9.643
TNS   : 0.000

Type  : Fast 1100mV 85C Model Minimum Pulse Width 'pll|pll_cv_inst|altera_pll_i|general[1].gpll~PLL_OUTPUT_COUNTER|divclk'
Slack : 499.548
TNS   : 0.000

Type  : Fast 1100mV 0C Model Setup 'pll|pll_cv_inst|altera_pll_i|general[0].gpll~PLL_OUTPUT_COUNTER|divclk'
Slack : 3.273
TNS   : 0.000

Type  : Fast 1100mV 0C Model Setup 'pll|pll_cv_inst|altera_pll_i|general[1].gpll~PLL_OUTPUT_COUNTER|divclk'
Slack : 995.466
TNS   : 0.000

Type  : Fast 1100mV 0C Model Hold 'pll|pll_cv_inst|altera_pll_i|general[0].gpll~PLL_OUTPUT_COUNTER|divclk'
Slack : 0.110
TNS   : 0.000

Type  : Fast 1100mV 0C Model Hold 'pll|pll_cv_inst|altera_pll_i|general[1].gpll~PLL_OUTPUT_COUNTER|divclk'
Slack : 0.172
TNS   : 0.000

Type  : Fast 1100mV 0C Model Recovery 'pll|pll_cv_inst|altera_pll_i|general[0].gpll~PLL_OUTPUT_COUNTER|divclk'
Slack : 3.746
TNS   : 0.000

Type  : Fast 1100mV 0C Model Recovery 'pll|pll_cv_inst|altera_pll_i|general[1].gpll~PLL_OUTPUT_COUNTER|divclk'
Slack : 8.492
TNS   : 0.000

Type  : Fast 1100mV 0C Model Removal 'pll|pll_cv_inst|altera_pll_i|general[0].gpll~PLL_OUTPUT_COUNTER|divclk'
Slack : 0.218
TNS   : 0.000

Type  : Fast 1100mV 0C Model Removal 'pll|pll_cv_inst|altera_pll_i|general[1].gpll~PLL_OUTPUT_COUNTER|divclk'
Slack : 0.242
TNS   : 0.000

Type  : Fast 1100mV 0C Model Minimum Pulse Width 'pll|pll_cv_inst|altera_pll_i|general[0].gpll~FRACTIONAL_PLL|vcoph[0]'
Slack : 1.666
TNS   : 0.000

Type  : Fast 1100mV 0C Model Minimum Pulse Width 'pll|pll_cv_inst|altera_pll_i|general[0].gpll~PLL_OUTPUT_COUNTER|divclk'
Slack : 4.536
TNS   : 0.000

Type  : Fast 1100mV 0C Model Minimum Pulse Width 'Clk_i'
Slack : 9.632
TNS   : 0.000

Type  : Fast 1100mV 0C Model Minimum Pulse Width 'pll|pll_cv_inst|altera_pll_i|general[1].gpll~PLL_OUTPUT_COUNTER|divclk'
Slack : 499.538
TNS   : 0.000

------------------------------------------------------------
