------------------------------------------------------------
Timing Analyzer Summary
------------------------------------------------------------

Type  : Slow 1100mV 85C Model Setup 'clk50MHz'
Slack : -335.725
TNS   : -13978.194

Type  : Slow 1100mV 85C Model Setup 'pll|pll_cv_inst|altera_pll_i|general[0].gpll~PLL_OUTPUT_COUNTER|divclk'
Slack : 1.222
TNS   : 0.000

Type  : Slow 1100mV 85C Model Setup 'pll|pll_cv_inst|altera_pll_i|general[1].gpll~PLL_OUTPUT_COUNTER|divclk'
Slack : 992.671
TNS   : 0.000

Type  : Slow 1100mV 85C Model Hold 'pll|pll_cv_inst|altera_pll_i|general[1].gpll~PLL_OUTPUT_COUNTER|divclk'
Slack : 0.368
TNS   : 0.000

Type  : Slow 1100mV 85C Model Hold 'pll|pll_cv_inst|altera_pll_i|general[0].gpll~PLL_OUTPUT_COUNTER|divclk'
Slack : 0.405
TNS   : 0.000

Type  : Slow 1100mV 85C Model Hold 'clk50MHz'
Slack : 14.477
TNS   : 0.000

Type  : Slow 1100mV 85C Model Recovery 'pll|pll_cv_inst|altera_pll_i|general[0].gpll~PLL_OUTPUT_COUNTER|divclk'
Slack : 1.118
TNS   : 0.000

Type  : Slow 1100mV 85C Model Recovery 'pll|pll_cv_inst|altera_pll_i|general[1].gpll~PLL_OUTPUT_COUNTER|divclk'
Slack : 7.186
TNS   : 0.000

Type  : Slow 1100mV 85C Model Removal 'pll|pll_cv_inst|altera_pll_i|general[0].gpll~PLL_OUTPUT_COUNTER|divclk'
Slack : 0.637
TNS   : 0.000

Type  : Slow 1100mV 85C Model Removal 'pll|pll_cv_inst|altera_pll_i|general[1].gpll~PLL_OUTPUT_COUNTER|divclk'
Slack : 0.979
TNS   : 0.000

Type  : Slow 1100mV 85C Model Minimum Pulse Width 'pll|pll_cv_inst|altera_pll_i|general[0].gpll~FRACTIONAL_PLL|vcoph[0]'
Slack : 1.666
TNS   : 0.000

Type  : Slow 1100mV 85C Model Minimum Pulse Width 'pll|pll_cv_inst|altera_pll_i|general[0].gpll~PLL_OUTPUT_COUNTER|divclk'
Slack : 4.064
TNS   : 0.000

Type  : Slow 1100mV 85C Model Minimum Pulse Width 'clk50MHz'
Slack : 9.949
TNS   : 0.000

Type  : Slow 1100mV 85C Model Minimum Pulse Width 'pll|pll_cv_inst|altera_pll_i|general[1].gpll~PLL_OUTPUT_COUNTER|divclk'
Slack : 499.299
TNS   : 0.000

Type  : Slow 1100mV 0C Model Setup 'clk50MHz'
Slack : -346.637
TNS   : -14441.492

Type  : Slow 1100mV 0C Model Setup 'pll|pll_cv_inst|altera_pll_i|general[0].gpll~PLL_OUTPUT_COUNTER|divclk'
Slack : 1.267
TNS   : 0.000

Type  : Slow 1100mV 0C Model Setup 'pll|pll_cv_inst|altera_pll_i|general[1].gpll~PLL_OUTPUT_COUNTER|divclk'
Slack : 992.353
TNS   : 0.000

Type  : Slow 1100mV 0C Model Hold 'pll|pll_cv_inst|altera_pll_i|general[1].gpll~PLL_OUTPUT_COUNTER|divclk'
Slack : 0.339
TNS   : 0.000

Type  : Slow 1100mV 0C Model Hold 'pll|pll_cv_inst|altera_pll_i|general[0].gpll~PLL_OUTPUT_COUNTER|divclk'
Slack : 0.373
TNS   : 0.000

Type  : Slow 1100mV 0C Model Hold 'clk50MHz'
Slack : 14.473
TNS   : 0.000

Type  : Slow 1100mV 0C Model Recovery 'pll|pll_cv_inst|altera_pll_i|general[0].gpll~PLL_OUTPUT_COUNTER|divclk'
Slack : 1.282
TNS   : 0.000

Type  : Slow 1100mV 0C Model Recovery 'pll|pll_cv_inst|altera_pll_i|general[1].gpll~PLL_OUTPUT_COUNTER|divclk'
Slack : 7.274
TNS   : 0.000

Type  : Slow 1100mV 0C Model Removal 'pll|pll_cv_inst|altera_pll_i|general[0].gpll~PLL_OUTPUT_COUNTER|divclk'
Slack : 0.546
TNS   : 0.000

Type  : Slow 1100mV 0C Model Removal 'pll|pll_cv_inst|altera_pll_i|general[1].gpll~PLL_OUTPUT_COUNTER|divclk'
Slack : 0.945
TNS   : 0.000

Type  : Slow 1100mV 0C Model Minimum Pulse Width 'pll|pll_cv_inst|altera_pll_i|general[0].gpll~FRACTIONAL_PLL|vcoph[0]'
Slack : 1.666
TNS   : 0.000

Type  : Slow 1100mV 0C Model Minimum Pulse Width 'pll|pll_cv_inst|altera_pll_i|general[0].gpll~PLL_OUTPUT_COUNTER|divclk'
Slack : 4.035
TNS   : 0.000

Type  : Slow 1100mV 0C Model Minimum Pulse Width 'clk50MHz'
Slack : 9.980
TNS   : 0.000

Type  : Slow 1100mV 0C Model Minimum Pulse Width 'pll|pll_cv_inst|altera_pll_i|general[1].gpll~PLL_OUTPUT_COUNTER|divclk'
Slack : 499.190
TNS   : 0.000

Type  : Fast 1100mV 85C Model Setup 'clk50MHz'
Slack : -162.521
TNS   : -6754.415

Type  : Fast 1100mV 85C Model Setup 'pll|pll_cv_inst|altera_pll_i|general[0].gpll~PLL_OUTPUT_COUNTER|divclk'
Slack : 3.084
TNS   : 0.000

Type  : Fast 1100mV 85C Model Setup 'pll|pll_cv_inst|altera_pll_i|general[1].gpll~PLL_OUTPUT_COUNTER|divclk'
Slack : 996.720
TNS   : 0.000

Type  : Fast 1100mV 85C Model Hold 'pll|pll_cv_inst|altera_pll_i|general[0].gpll~PLL_OUTPUT_COUNTER|divclk'
Slack : 0.178
TNS   : 0.000

Type  : Fast 1100mV 85C Model Hold 'pll|pll_cv_inst|altera_pll_i|general[1].gpll~PLL_OUTPUT_COUNTER|divclk'
Slack : 0.182
TNS   : 0.000

Type  : Fast 1100mV 85C Model Hold 'clk50MHz'
Slack : 10.052
TNS   : 0.000

Type  : Fast 1100mV 85C Model Recovery 'pll|pll_cv_inst|altera_pll_i|general[0].gpll~PLL_OUTPUT_COUNTER|divclk'
Slack : 2.781
TNS   : 0.000

Type  : Fast 1100mV 85C Model Recovery 'pll|pll_cv_inst|altera_pll_i|general[1].gpll~PLL_OUTPUT_COUNTER|divclk'
Slack : 8.462
TNS   : 0.000

Type  : Fast 1100mV 85C Model Removal 'pll|pll_cv_inst|altera_pll_i|general[0].gpll~PLL_OUTPUT_COUNTER|divclk'
Slack : 0.335
TNS   : 0.000

Type  : Fast 1100mV 85C Model Removal 'pll|pll_cv_inst|altera_pll_i|general[1].gpll~PLL_OUTPUT_COUNTER|divclk'
Slack : 0.367
TNS   : 0.000

Type  : Fast 1100mV 85C Model Minimum Pulse Width 'pll|pll_cv_inst|altera_pll_i|general[0].gpll~FRACTIONAL_PLL|vcoph[0]'
Slack : 1.666
TNS   : 0.000

Type  : Fast 1100mV 85C Model Minimum Pulse Width 'pll|pll_cv_inst|altera_pll_i|general[0].gpll~PLL_OUTPUT_COUNTER|divclk'
Slack : 4.509
TNS   : 0.000

Type  : Fast 1100mV 85C Model Minimum Pulse Width 'clk50MHz'
Slack : 9.643
TNS   : 0.000

Type  : Fast 1100mV 85C Model Minimum Pulse Width 'pll|pll_cv_inst|altera_pll_i|general[1].gpll~PLL_OUTPUT_COUNTER|divclk'
Slack : 499.548
TNS   : 0.000

Type  : Fast 1100mV 0C Model Setup 'clk50MHz'
Slack : -153.610
TNS   : -6387.821

Type  : Fast 1100mV 0C Model Setup 'pll|pll_cv_inst|altera_pll_i|general[0].gpll~PLL_OUTPUT_COUNTER|divclk'
Slack : 3.246
TNS   : 0.000

Type  : Fast 1100mV 0C Model Setup 'pll|pll_cv_inst|altera_pll_i|general[1].gpll~PLL_OUTPUT_COUNTER|divclk'
Slack : 996.899
TNS   : 0.000

Type  : Fast 1100mV 0C Model Hold 'pll|pll_cv_inst|altera_pll_i|general[1].gpll~PLL_OUTPUT_COUNTER|divclk'
Slack : 0.166
TNS   : 0.000

Type  : Fast 1100mV 0C Model Hold 'pll|pll_cv_inst|altera_pll_i|general[0].gpll~PLL_OUTPUT_COUNTER|divclk'
Slack : 0.170
TNS   : 0.000

Type  : Fast 1100mV 0C Model Hold 'clk50MHz'
Slack : 9.859
TNS   : 0.000

Type  : Fast 1100mV 0C Model Recovery 'pll|pll_cv_inst|altera_pll_i|general[0].gpll~PLL_OUTPUT_COUNTER|divclk'
Slack : 3.044
TNS   : 0.000

Type  : Fast 1100mV 0C Model Recovery 'pll|pll_cv_inst|altera_pll_i|general[1].gpll~PLL_OUTPUT_COUNTER|divclk'
Slack : 8.620
TNS   : 0.000

Type  : Fast 1100mV 0C Model Removal 'pll|pll_cv_inst|altera_pll_i|general[0].gpll~PLL_OUTPUT_COUNTER|divclk'
Slack : 0.280
TNS   : 0.000

Type  : Fast 1100mV 0C Model Removal 'pll|pll_cv_inst|altera_pll_i|general[1].gpll~PLL_OUTPUT_COUNTER|divclk'
Slack : 0.306
TNS   : 0.000

Type  : Fast 1100mV 0C Model Minimum Pulse Width 'pll|pll_cv_inst|altera_pll_i|general[0].gpll~FRACTIONAL_PLL|vcoph[0]'
Slack : 1.666
TNS   : 0.000

Type  : Fast 1100mV 0C Model Minimum Pulse Width 'pll|pll_cv_inst|altera_pll_i|general[0].gpll~PLL_OUTPUT_COUNTER|divclk'
Slack : 4.514
TNS   : 0.000

Type  : Fast 1100mV 0C Model Minimum Pulse Width 'clk50MHz'
Slack : 9.632
TNS   : 0.000

Type  : Fast 1100mV 0C Model Minimum Pulse Width 'pll|pll_cv_inst|altera_pll_i|general[1].gpll~PLL_OUTPUT_COUNTER|divclk'
Slack : 499.541
TNS   : 0.000

------------------------------------------------------------
